1.			"git commit --amend -m <new_commit_message>"

$ git status
On branch master
Your branch is up to date with 'origin/master'.

Changes not staged for commit:
  (use "git add <file>..." to update what will be committed)
  (use "git restore <file>..." to discard changes in working directory)
        modified:   demoo.py

$ git add demoo.py

$ git commit -m "Completed multiply function"
[master f7d46f5] Completed multiply function
 1 file changed, 3 insertions(+)

$ git log
commit f7d46f542e4a6dd065b94bcf73a193980d4060a5 (HEAD -> master)
Author: Shubham Jain <shubhamrocks888@gmail.com>
Date:   Mon Sep 7 11:14:33 2020 +0530

    Completed multiply function

commit 9696cb3b09a645ae1a394397ddcedfbb4f1425be (origin/master, origin/HEAD)
Author: Shubham Jain <shubhamrocks888@gmail.com>
Date:   Sat Sep 5 19:05:19 2020 +0530

    multiply


2. 	"git commit --amend -m "new_commit_message"


$ git commit --amend -m "Completed subtract function"
[master f72bfca] Completed subtract function
 Date: Mon Sep 7 11:14:33 2020 +0530
 1 file changed, 3 insertions(+)


$ git log
commit f72bfca569b9e6663f18004ff4321529fdb12fd9 (HEAD -> master)
Author: Shubham Jain <shubhamrocks888@gmail.com>
Date:   Mon Sep 7 11:14:33 2020 +0530

    Completed subtract function

commit 9696cb3b09a645ae1a394397ddcedfbb4f1425be (origin/master, origin/HEAD)
Author: Shubham Jain <shubhamrocks888@gmail.com>
Date:   Sat Sep 5 19:05:19 2020 +0530

    multiply


#NOTE:  The hash of "completed subtract function"commit i.e,f72bfca569b9e6663f18004ff4321529fdb12fd9
	is different from "complete multiply function"commit i.e,f7d46f542e4a6dd065b94bcf73a193980d4060a5
	because the commit message is part of the commit and changing it will also change the hash and when
	the hash changes that means that it changed the git history.
									If we pushed our changes for other peoples
	to see and pull from ,then we don't want to change git history bcoz it can cause problems with their
	repositories.

	  
	
